﻿
> temp-app@0.0.0 build
> vite build

[36mvite v8.0.0 [32mbuilding client environment for production...[36m[39m
[2K
node.exe : DEPRECATION 
WARNING [global-builtin
]: Global built-in func
tions are deprecated an
d will be removed in Da
rt Sass 3.0.0.
위치 줄:1 문자:1
+ & "C:\Program Files\n
odejs/node.exe" "C:\Pro
gram Files\nodejs/node_
mo ...
+ ~~~~~~~~~~~~~~~~~~~~~
~~~~~~~~~~~~~~~~~~~~~~~
~~~~~~~~~~~~~~~~~~~~~~~
~~
    + CategoryInfo     
         : NotSpecifi  
  ed: (DEPRECATION W   
 AR...art Sass 3.0.    
0.:String) [], Rem    o
teException
    + FullyQualifiedEr 
   rorId : NativeComm  
  andError
 
Use color.adjust instea
d.

More info and automated
 migrator: https://sass
-lang.com/d/import

    ??446 ??      backg
round: darken($box-colo
r, 5%);
    ??                 
 ^^^^^^^^^^^^^^^^^^^^^^
    ??    src\pages\pro
ductDetail\components\F
loatingBar.scss 446:19 
 root stylesheet

DEPRECATION WARNING [co
lor-functions]: darken(
) is deprecated. Sugges
tions:

color.scale($color, $li
ghtness: -5.6415929204%
)
color.adjust($color, $l
ightness: -5%)

More info: https://sass
-lang.com/d/color-funct
ions

    ??446 ??      backg
round: darken($box-colo
r, 5%);
    ??                 
 ^^^^^^^^^^^^^^^^^^^^^^
    ??    src\pages\pro
ductDetail\components\F
loatingBar.scss 446:19 
 root stylesheet

transforming...??2566 modules transformed.
rendering chunks...
computing gzip size...
dist/index.html                             0.78 kB ??gzip:   0.37 kB
dist/assets/vendor-react-DVB7LGv8.css      24.36 kB ??gzip:   3.70 kB
dist/assets/index-DtezRX88.css            144.96 kB ??gzip:  21.82 kB
dist/assets/rolldown-runtime-Dw2cE7zH.js    0.68 kB ??gzip:   0.41 kB
dist/assets/vendor-react-BTDKdk-F.js      216.93 kB ??gzip:  69.09 kB
dist/assets/index-CtL24KbU.js             248.24 kB ??gzip:  55.61 kB
dist/assets/vendor-CEFoaui1.js            407.48 kB ??gzip: 129.48 kB

[32m??built in 2.78s[39m
